<html>
<body>
<pre>
<h1>µVision Build Log</h1>
<h2>Tool Versions:</h2>
IDE-Version: ¦ÌVision V5.18.0.0
Copyright (C) 2016 ARM Ltd and ARM Germany GmbH. All rights reserved.
License Information: Ëû Y, µÄ, LIC=----
 
Tool Versions:
Toolchain:       MDK-Lite  Version: 5.18
Toolchain Path:  D:\keilMDK\ARM\ARMCC\Bin
C Compiler:      Armcc.exe V5.06 update 1 (build 61)
Assembler:       Armasm.exe V5.06 update 1 (build 61)
Linker/Locator:  ArmLink.exe V5.06 update 1 (build 61)
Library Manager: ArmAr.exe V5.06 update 1 (build 61)
Hex Converter:   FromElf.exe V5.06 update 1 (build 61)
CPU DLL:         SARMCM3.DLL V5.18
Dialog DLL:      DCM.DLL V1.13.6.0
Target DLL:      Segger\JL2CM3.dll V2.99.18.0
Dialog DLL:      TCM.DLL V1.14.8.0
 
<h2>Project:</h2>
C:\Users\Y\Desktop\homework_files-DMA\Project\project.uvprojx
Project File Date:  08/15/2022

<h2>Output:</h2>
*** Using Compiler 'V5.06 update 1 (build 61)', folder: 'D:\keilMDK\ARM\ARMCC\Bin'
Rebuild target 'Target 1'
compiling delay.c...
..\User\inc\delay.h(15): warning:  #1-D: last line of file ends without a newline
  #endif
..\User\src\delay.c(21): warning:  #1-D: last line of file ends without a newline
  }
..\User\src\delay.c: 2 warnings, 0 errors
compiling usart.c...
..\User\inc\usart.h(16): warning:  #1-D: last line of file ends without a newline
  #endif
..\User\inc\delay.h(15): warning:  #1-D: last line of file ends without a newline
  #endif
..\User\src\usart.c: 2 warnings, 0 errors
compiling led.c...
..\User\inc\led.h(15): warning:  #1-D: last line of file ends without a newline
  #endif
..\User\src\led.c(27): warning:  #1-D: last line of file ends without a newline
  }
..\User\src\led.c: 2 warnings, 0 errors
compiling misc.c...
compiling stm32f4xx_it.c...
compiling dma.c...
..\User\inc\dma.h(17): warning:  #1-D: last line of file ends without a newline
  #endif
..\User\src\dma.c(62): warning:  #1-D: last line of file ends without a newline
  }
..\User\src\dma.c: 2 warnings, 0 errors
compiling main.c...
..\User\inc\dma.h(17): warning:  #1-D: last line of file ends without a newline
  #endif
..\User\inc\led.h(15): warning:  #1-D: last line of file ends without a newline
  #endif
..\User\inc\delay.h(15): warning:  #1-D: last line of file ends without a newline
  #endif
..\User\inc\usart.h(16): warning:  #1-D: last line of file ends without a newline
  #endif
..\User\src\main.c: 4 warnings, 0 errors
compiling stm32f4xx_exti.c...
assembling startup_stm32f4xx.s...
compiling stm32f4xx_gpio.c...
compiling stm32f4xx_dma.c...
compiling stm32f4xx_tim.c...
compiling stm32f4xx_usart.c...
compiling stm32f4xx_rcc.c...
compiling system_stm32f4xx.c...
linking...
Program Size: Code=6052 RO-data=444 RW-data=44 ZI-data=1044  
FromELF: creating hex file...
".\Obj\project.axf" - 0 Error(s), 12 Warning(s).

<h2>Software Packages used:</h2>

Package Vendor: ARM
                http://www.keil.com/pack/ARM.CMSIS.4.5.0.pack
                ARM::CMSIS:CORE:4.3.0
                CMSIS (Cortex Microcontroller Software Interface Standard)
   * Component: CORE Version: 4.3.0

<h2>Collection of Component include folders:</h2>
  C:\Users\Y\Desktop\homework_files-DMA\Project\RTE
  D:\keilMDK\ARM\PACK\ARM\CMSIS\4.5.0\CMSIS\Include
  D:\keilMDK\ARM\PACK\Keil\STM32F4xx_DFP\1.0.5\Device\Include

<h2>Collection of Component Files used:</h2>

   * Component: ARM::CMSIS:CORE:4.3.0
Build Time Elapsed:  00:00:06
</pre>
</body>
</html>
