Component: ARM Compiler 5.06 update 1 (build 61) Tool: armlink [4d35a8]

==============================================================================

Section Cross References

    led8.o(.text) refers to stm32f4xx_rcc.o(.text) for RCC_AHB1PeriphClockCmd
    led8.o(.text) refers to stm32f4xx_gpio.o(.text) for GPIO_Init
    led8.o(.text) refers to led8.o(.constdata) for LED_table
    main.o(.text) refers to system_stm32f4xx.o(.text) for SystemInit
    main.o(.text) refers to misc.o(.text) for NVIC_PriorityGroupConfig
    main.o(.text) refers to stm32f4xx_rcc.o(.text) for RCC_AHB1PeriphClockCmd
    main.o(.text) refers to stm32f4xx_gpio.o(.text) for GPIO_Init
    main.o(.text) refers to tim3.o(.text) for TIM3_Int_Init
    main.o(.text) refers to os_cpu_c.o(.text) for OS_CPU_SysTickInit
    main.o(.text) refers to os_time.o(.text) for OSTimeDly
    stm32f4xx_it.o(.text) refers to delay.o(.text) for Delay_ms
    stm32f4xx_it.o(.text) refers to led8.o(.text) for Led8DisData
    tim3.o(.text) refers to stm32f4xx_rcc.o(.text) for RCC_APB1PeriphClockCmd
    tim3.o(.text) refers to stm32f4xx_tim.o(.text) for TIM_TimeBaseInit
    tim3.o(.text) refers to misc.o(.text) for NVIC_PriorityGroupConfig
    sys.o(.text) refers to sys.o(.emb_text) for WFI_SET
    stm32f4xx_can.o(.text) refers to stm32f4xx_rcc.o(.text) for RCC_APB1PeriphResetCmd
    stm32f4xx_gpio.o(.text) refers to stm32f4xx_rcc.o(.text) for RCC_AHB1PeriphResetCmd
    stm32f4xx_rcc.o(.text) refers to stm32f4xx_rcc.o(.data) for APBAHBPrescTable
    stm32f4xx_tim.o(.text) refers to stm32f4xx_rcc.o(.text) for RCC_APB2PeriphResetCmd
    stm32f4xx_usart.o(.text) refers to stm32f4xx_rcc.o(.text) for RCC_APB2PeriphResetCmd
    system_stm32f4xx.o(.text) refers to system_stm32f4xx.o(.data) for SystemCoreClock
    startup_stm32f4xx.o(RESET) refers to startup_stm32f4xx.o(STACK) for __initial_sp
    startup_stm32f4xx.o(RESET) refers to startup_stm32f4xx.o(.text) for Reset_Handler
    startup_stm32f4xx.o(RESET) refers to stm32f4xx_it.o(.text) for NMI_Handler
    startup_stm32f4xx.o(RESET) refers to os_cpu_a.o(.text) for PendSV_Handler
    startup_stm32f4xx.o(RESET) refers to os_cpu_c.o(.text) for SysTick_Handler
    startup_stm32f4xx.o(RESET) refers to tim3.o(.text) for TIM3_IRQHandler
    startup_stm32f4xx.o(.text) refers to system_stm32f4xx.o(.text) for SystemInit
    startup_stm32f4xx.o(.text) refers to entry.o(.ARM.Collect$$$$00000000) for __main
    os_core.o(.text) refers to os_task.o(.text) for OSTaskStkChk
    os_core.o(.text) refers to os_time.o(.text) for OSTimeDly
    os_core.o(.text) refers to os_cpu_a.o(.text) for OS_CPU_SR_Save
    os_core.o(.text) refers to os_cpu_c.o(.text) for OSTaskStatHook
    os_core.o(.text) refers to os_flag.o(.text) for OS_FlagInit
    os_core.o(.text) refers to os_mem.o(.text) for OS_MemInit
    os_core.o(.text) refers to os_q.o(.text) for OS_QInit
    os_core.o(.text) refers to os_core.o(.bss) for OSTCBPrioTbl
    os_core.o(.text) refers to os_core.o(.data) for OSStatRdy
    os_core.o(.text) refers to os_core.o(.constdata) for OSUnMapTbl
    os_flag.o(.text) refers to os_cpu_a.o(.text) for OS_CPU_SR_Save
    os_flag.o(.text) refers to os_core.o(.text) for OS_Sched
    os_flag.o(.text) refers to os_core.o(.data) for OSIntNesting
    os_flag.o(.text) refers to os_core.o(.bss) for OSFlagTbl
    os_mbox.o(.text) refers to os_cpu_a.o(.text) for OS_CPU_SR_Save
    os_mbox.o(.text) refers to os_core.o(.text) for OS_EventWaitListInit
    os_mbox.o(.text) refers to os_core.o(.data) for OSIntNesting
    os_mem.o(.text) refers to os_cpu_a.o(.text) for OS_CPU_SR_Save
    os_mem.o(.text) refers to os_core.o(.text) for OS_StrLen
    os_mem.o(.text) refers to os_core.o(.data) for OSMemFreeList
    os_mem.o(.text) refers to os_core.o(.bss) for OSMemTbl
    os_mutex.o(.text) refers to os_cpu_a.o(.text) for OS_CPU_SR_Save
    os_mutex.o(.text) refers to os_core.o(.text) for OS_EventWaitListInit
    os_mutex.o(.text) refers to os_core.o(.data) for OSIntNesting
    os_mutex.o(.text) refers to os_core.o(.bss) for OSTCBPrioTbl
    os_q.o(.text) refers to os_cpu_a.o(.text) for OS_CPU_SR_Save
    os_q.o(.text) refers to os_core.o(.text) for OS_EventWaitListInit
    os_q.o(.text) refers to os_core.o(.data) for OSIntNesting
    os_q.o(.text) refers to os_core.o(.bss) for OSQTbl
    os_sem.o(.text) refers to os_cpu_a.o(.text) for OS_CPU_SR_Save
    os_sem.o(.text) refers to os_core.o(.text) for OS_EventWaitListInit
    os_sem.o(.text) refers to os_core.o(.data) for OSIntNesting
    os_task.o(.text) refers to os_cpu_a.o(.text) for OS_CPU_SR_Save
    os_task.o(.text) refers to os_core.o(.text) for OS_Sched
    os_task.o(.text) refers to os_cpu_c.o(.text) for OSTaskStkInit
    os_task.o(.text) refers to os_flag.o(.text) for OS_FlagUnlink
    os_task.o(.text) refers to os_core.o(.bss) for OSTCBPrioTbl
    os_task.o(.text) refers to os_core.o(.data) for OSTCBCur
    os_time.o(.text) refers to os_cpu_a.o(.text) for OS_CPU_SR_Save
    os_time.o(.text) refers to os_core.o(.text) for OS_Sched
    os_time.o(.text) refers to os_core.o(.data) for OSIntNesting
    os_time.o(.text) refers to os_core.o(.bss) for OSTCBPrioTbl
    os_cpu_a.o(.text) refers to os_core.o(.data) for OSRunning
    os_cpu_a.o(.text) refers to os_cpu_c.o(.text) for OSTaskSwHook
    os_cpu_c.o(.text) refers to os_cpu_a.o(.text) for OS_CPU_SR_Save
    os_cpu_c.o(.text) refers to os_core.o(.text) for OSTimeTick
    os_cpu_c.o(.text) refers to stm32f4xx_rcc.o(.text) for RCC_GetClocksFreq
    os_cpu_c.o(.text) refers to os_cpu_c.o(.data) for tick_ms
    os_cpu_c.o(.text) refers to os_core.o(.data) for OSIntNesting
    entry.o(.ARM.Collect$$$$00000000) refers (Special) to entry10a.o(.ARM.Collect$$$$0000000D) for __rt_final_cpp
    entry.o(.ARM.Collect$$$$00000000) refers (Special) to entry11a.o(.ARM.Collect$$$$0000000F) for __rt_final_exit
    entry.o(.ARM.Collect$$$$00000000) refers (Special) to entry7b.o(.ARM.Collect$$$$00000008) for _main_clock
    entry.o(.ARM.Collect$$$$00000000) refers (Special) to entry8b.o(.ARM.Collect$$$$0000000A) for _main_cpp_init
    entry.o(.ARM.Collect$$$$00000000) refers (Special) to entry9a.o(.ARM.Collect$$$$0000000B) for _main_init
    entry.o(.ARM.Collect$$$$00000000) refers (Special) to entry5.o(.ARM.Collect$$$$00000004) for _main_scatterload
    entry.o(.ARM.Collect$$$$00000000) refers (Special) to entry2.o(.ARM.Collect$$$$00000001) for _main_stk
    entry2.o(.ARM.Collect$$$$00000001) refers to entry2.o(.ARM.Collect$$$$00002712) for __lit__00000000
    entry2.o(.ARM.Collect$$$$00002712) refers to startup_stm32f4xx.o(STACK) for __initial_sp
    entry2.o(__vectab_stack_and_reset_area) refers to startup_stm32f4xx.o(STACK) for __initial_sp
    entry2.o(__vectab_stack_and_reset_area) refers to entry.o(.ARM.Collect$$$$00000000) for __main
    entry5.o(.ARM.Collect$$$$00000004) refers to init.o(.text) for __scatterload
    entry9a.o(.ARM.Collect$$$$0000000B) refers to main.o(.text) for main
    entry9b.o(.ARM.Collect$$$$0000000C) refers to main.o(.text) for main
    init.o(.text) refers to entry5.o(.ARM.Collect$$$$00000004) for __main_after_scatterload


==============================================================================

Removing Unused input sections from the image.

    Removing delay.o(.rev16_text), (4 bytes).
    Removing delay.o(.revsh_text), (4 bytes).
    Removing delay.o(.rrx_text), (6 bytes).
    Removing led8.o(.rev16_text), (4 bytes).
    Removing led8.o(.revsh_text), (4 bytes).
    Removing led8.o(.rrx_text), (6 bytes).
    Removing led.o(.rev16_text), (4 bytes).
    Removing led.o(.revsh_text), (4 bytes).
    Removing led.o(.rrx_text), (6 bytes).
    Removing main.o(.rev16_text), (4 bytes).
    Removing main.o(.revsh_text), (4 bytes).
    Removing main.o(.rrx_text), (6 bytes).
    Removing main.o(.bss), (1024 bytes).
    Removing stm32f4xx_it.o(.rev16_text), (4 bytes).
    Removing stm32f4xx_it.o(.revsh_text), (4 bytes).
    Removing stm32f4xx_it.o(.rrx_text), (6 bytes).
    Removing tim3.o(.rev16_text), (4 bytes).
    Removing tim3.o(.revsh_text), (4 bytes).
    Removing tim3.o(.rrx_text), (6 bytes).
    Removing dma.o(.rev16_text), (4 bytes).
    Removing dma.o(.revsh_text), (4 bytes).
    Removing dma.o(.rrx_text), (6 bytes).
    Removing dma.o(.text), (328 bytes).
    Removing visual_scope.o(.rev16_text), (4 bytes).
    Removing visual_scope.o(.revsh_text), (4 bytes).
    Removing visual_scope.o(.rrx_text), (6 bytes).
    Removing visual_scope.o(.text), (168 bytes).
    Removing sys.o(.rev16_text), (4 bytes).
    Removing sys.o(.revsh_text), (4 bytes).
    Removing sys.o(.rrx_text), (6 bytes).
    Removing sys.o(.emb_text), (16 bytes).
    Removing sys.o(.text), (1112 bytes).
    Removing misc.o(.rev16_text), (4 bytes).
    Removing misc.o(.revsh_text), (4 bytes).
    Removing misc.o(.rrx_text), (6 bytes).
    Removing stm32f4xx_can.o(.rev16_text), (4 bytes).
    Removing stm32f4xx_can.o(.revsh_text), (4 bytes).
    Removing stm32f4xx_can.o(.rrx_text), (6 bytes).
    Removing stm32f4xx_can.o(.text), (2544 bytes).
    Removing stm32f4xx_dma.o(.rev16_text), (4 bytes).
    Removing stm32f4xx_dma.o(.revsh_text), (4 bytes).
    Removing stm32f4xx_dma.o(.rrx_text), (6 bytes).
    Removing stm32f4xx_dma.o(.text), (936 bytes).
    Removing stm32f4xx_exti.o(.rev16_text), (4 bytes).
    Removing stm32f4xx_exti.o(.revsh_text), (4 bytes).
    Removing stm32f4xx_exti.o(.rrx_text), (6 bytes).
    Removing stm32f4xx_exti.o(.text), (284 bytes).
    Removing stm32f4xx_gpio.o(.rev16_text), (4 bytes).
    Removing stm32f4xx_gpio.o(.revsh_text), (4 bytes).
    Removing stm32f4xx_gpio.o(.rrx_text), (6 bytes).
    Removing stm32f4xx_rcc.o(.rev16_text), (4 bytes).
    Removing stm32f4xx_rcc.o(.revsh_text), (4 bytes).
    Removing stm32f4xx_rcc.o(.rrx_text), (6 bytes).
    Removing stm32f4xx_tim.o(.rev16_text), (4 bytes).
    Removing stm32f4xx_tim.o(.revsh_text), (4 bytes).
    Removing stm32f4xx_tim.o(.rrx_text), (6 bytes).
    Removing stm32f4xx_usart.o(.rev16_text), (4 bytes).
    Removing stm32f4xx_usart.o(.revsh_text), (4 bytes).
    Removing stm32f4xx_usart.o(.rrx_text), (6 bytes).
    Removing stm32f4xx_usart.o(.text), (1050 bytes).
    Removing system_stm32f4xx.o(.rev16_text), (4 bytes).
    Removing system_stm32f4xx.o(.revsh_text), (4 bytes).
    Removing system_stm32f4xx.o(.rrx_text), (6 bytes).
    Removing startup_stm32f4xx.o(HEAP), (10240 bytes).
    Removing os_mbox.o(.text), (972 bytes).
    Removing os_mutex.o(.text), (1584 bytes).
    Removing os_sem.o(.text), (908 bytes).
    Removing os_cpu_c.o(.rev16_text), (4 bytes).
    Removing os_cpu_c.o(.revsh_text), (4 bytes).
    Removing os_cpu_c.o(.rrx_text), (6 bytes).
    Removing os_dbg.o(.constdata), (2 bytes).

71 unused section(s) (total 21434 bytes) removed from the image.

==============================================================================

Image Symbol Table

    Local Symbols

    Symbol Name                              Value     Ov Type        Size  Object(Section)

    ../clib/microlib/init/entry.s            0x00000000   Number         0  entry7b.o ABSOLUTE
    ../clib/microlib/init/entry.s            0x00000000   Number         0  entry7a.o ABSOLUTE
    ../clib/microlib/init/entry.s            0x00000000   Number         0  entry9a.o ABSOLUTE
    ../clib/microlib/init/entry.s            0x00000000   Number         0  entry9b.o ABSOLUTE
    ../clib/microlib/init/entry.s            0x00000000   Number         0  entry10a.o ABSOLUTE
    ../clib/microlib/init/entry.s            0x00000000   Number         0  entry10b.o ABSOLUTE
    ../clib/microlib/init/entry.s            0x00000000   Number         0  entry5.o ABSOLUTE
    ../clib/microlib/init/entry.s            0x00000000   Number         0  entry11a.o ABSOLUTE
    ../clib/microlib/init/entry.s            0x00000000   Number         0  entry2.o ABSOLUTE
    ../clib/microlib/init/entry.s            0x00000000   Number         0  entry.o ABSOLUTE
    ../clib/microlib/init/entry.s            0x00000000   Number         0  entry8a.o ABSOLUTE
    ../clib/microlib/init/entry.s            0x00000000   Number         0  entry11b.o ABSOLUTE
    ../clib/microlib/init/entry.s            0x00000000   Number         0  entry8b.o ABSOLUTE
    GeneralFunction\\src\\dma.c              0x00000000   Number         0  dma.o ABSOLUTE
    GeneralFunction\\src\\sys.c              0x00000000   Number         0  sys.o ABSOLUTE
    GeneralFunction\\src\\visual_scope.c     0x00000000   Number         0  visual_scope.o ABSOLUTE
    GeneralFunction\src\dma.c                0x00000000   Number         0  dma.o ABSOLUTE
    GeneralFunction\src\sys.c                0x00000000   Number         0  sys.o ABSOLUTE
    GeneralFunction\src\visual_scope.c       0x00000000   Number         0  visual_scope.o ABSOLUTE
    Libraries\CMSIS\system_stm32f4xx.c       0x00000000   Number         0  system_stm32f4xx.o ABSOLUTE
    Libraries\STM32F4xx_StdPeriph_Driver\src\misc.c 0x00000000   Number         0  misc.o ABSOLUTE
    Libraries\STM32F4xx_StdPeriph_Driver\src\stm32f4xx_can.c 0x00000000   Number         0  stm32f4xx_can.o ABSOLUTE
    Libraries\STM32F4xx_StdPeriph_Driver\src\stm32f4xx_dma.c 0x00000000   Number         0  stm32f4xx_dma.o ABSOLUTE
    Libraries\STM32F4xx_StdPeriph_Driver\src\stm32f4xx_exti.c 0x00000000   Number         0  stm32f4xx_exti.o ABSOLUTE
    Libraries\STM32F4xx_StdPeriph_Driver\src\stm32f4xx_gpio.c 0x00000000   Number         0  stm32f4xx_gpio.o ABSOLUTE
    Libraries\STM32F4xx_StdPeriph_Driver\src\stm32f4xx_rcc.c 0x00000000   Number         0  stm32f4xx_rcc.o ABSOLUTE
    Libraries\STM32F4xx_StdPeriph_Driver\src\stm32f4xx_tim.c 0x00000000   Number         0  stm32f4xx_tim.o ABSOLUTE
    Libraries\STM32F4xx_StdPeriph_Driver\src\stm32f4xx_usart.c 0x00000000   Number         0  stm32f4xx_usart.o ABSOLUTE
    Libraries\Startup\startup_stm32f4xx.s    0x00000000   Number         0  startup_stm32f4xx.o ABSOLUTE
    Libraries\\CMSIS\\system_stm32f4xx.c     0x00000000   Number         0  system_stm32f4xx.o ABSOLUTE
    Libraries\\STM32F4xx_StdPeriph_Driver\\src\\misc.c 0x00000000   Number         0  misc.o ABSOLUTE
    Libraries\\STM32F4xx_StdPeriph_Driver\\src\\stm32f4xx_can.c 0x00000000   Number         0  stm32f4xx_can.o ABSOLUTE
    Libraries\\STM32F4xx_StdPeriph_Driver\\src\\stm32f4xx_dma.c 0x00000000   Number         0  stm32f4xx_dma.o ABSOLUTE
    Libraries\\STM32F4xx_StdPeriph_Driver\\src\\stm32f4xx_exti.c 0x00000000   Number         0  stm32f4xx_exti.o ABSOLUTE
    Libraries\\STM32F4xx_StdPeriph_Driver\\src\\stm32f4xx_gpio.c 0x00000000   Number         0  stm32f4xx_gpio.o ABSOLUTE
    Libraries\\STM32F4xx_StdPeriph_Driver\\src\\stm32f4xx_rcc.c 0x00000000   Number         0  stm32f4xx_rcc.o ABSOLUTE
    Libraries\\STM32F4xx_StdPeriph_Driver\\src\\stm32f4xx_tim.c 0x00000000   Number         0  stm32f4xx_tim.o ABSOLUTE
    Libraries\\STM32F4xx_StdPeriph_Driver\\src\\stm32f4xx_usart.c 0x00000000   Number         0  stm32f4xx_usart.o ABSOLUTE
    USER\SRC\beep.c                          0x00000000   Number         0  beep.o ABSOLUTE
    USER\SRC\can1.c                          0x00000000   Number         0  can1.o ABSOLUTE
    USER\SRC\can2.c                          0x00000000   Number         0  can2.o ABSOLUTE
    USER\SRC\delay.c                         0x00000000   Number         0  delay.o ABSOLUTE
    USER\SRC\led.c                           0x00000000   Number         0  led.o ABSOLUTE
    USER\SRC\led8.c                          0x00000000   Number         0  led8.o ABSOLUTE
    USER\SRC\main.c                          0x00000000   Number         0  main.o ABSOLUTE
    USER\SRC\param.c                         0x00000000   Number         0  param.o ABSOLUTE
    USER\SRC\stm32f4xx_it.c                  0x00000000   Number         0  stm32f4xx_it.o ABSOLUTE
    USER\SRC\tim3.c                          0x00000000   Number         0  tim3.o ABSOLUTE
    USER\SRC\usart1.c                        0x00000000   Number         0  usart1.o ABSOLUTE
    USER\SRC\usart2.c                        0x00000000   Number         0  usart2.o ABSOLUTE
    USER\\SRC\\delay.c                       0x00000000   Number         0  delay.o ABSOLUTE
    USER\\SRC\\led.c                         0x00000000   Number         0  led.o ABSOLUTE
    USER\\SRC\\led8.c                        0x00000000   Number         0  led8.o ABSOLUTE
    USER\\SRC\\main.c                        0x00000000   Number         0  main.o ABSOLUTE
    USER\\SRC\\stm32f4xx_it.c                0x00000000   Number         0  stm32f4xx_it.o ABSOLUTE
    USER\\SRC\\tim3.c                        0x00000000   Number         0  tim3.o ABSOLUTE
    dc.s                                     0x00000000   Number         0  dc.o ABSOLUTE
    handlers.s                               0x00000000   Number         0  handlers.o ABSOLUTE
    init.s                                   0x00000000   Number         0  init.o ABSOLUTE
    uCOSII\CORE\os_core.c                    0x00000000   Number         0  os_core.o ABSOLUTE
    uCOSII\CORE\os_flag.c                    0x00000000   Number         0  os_flag.o ABSOLUTE
    uCOSII\CORE\os_mbox.c                    0x00000000   Number         0  os_mbox.o ABSOLUTE
    uCOSII\CORE\os_mem.c                     0x00000000   Number         0  os_mem.o ABSOLUTE
    uCOSII\CORE\os_mutex.c                   0x00000000   Number         0  os_mutex.o ABSOLUTE
    uCOSII\CORE\os_q.c                       0x00000000   Number         0  os_q.o ABSOLUTE
    uCOSII\CORE\os_sem.c                     0x00000000   Number         0  os_sem.o ABSOLUTE
    uCOSII\CORE\os_task.c                    0x00000000   Number         0  os_task.o ABSOLUTE
    uCOSII\CORE\os_time.c                    0x00000000   Number         0  os_time.o ABSOLUTE
    uCOSII\CORE\os_tmr.c                     0x00000000   Number         0  os_tmr.o ABSOLUTE
    uCOSII\PORT\os_cpu_a.asm                 0x00000000   Number         0  os_cpu_a.o ABSOLUTE
    uCOSII\PORT\os_cpu_c.c                   0x00000000   Number         0  os_cpu_c.o ABSOLUTE
    uCOSII\PORT\os_dbg.c                     0x00000000   Number         0  os_dbg.o ABSOLUTE
    uCOSII\\PORT\\os_cpu_c.c                 0x00000000   Number         0  os_cpu_c.o ABSOLUTE
    RESET                                    0x08000000   Section      392  startup_stm32f4xx.o(RESET)
    .ARM.Collect$$$$00000000                 0x08000188   Section        0  entry.o(.ARM.Collect$$$$00000000)
    .ARM.Collect$$$$00000001                 0x08000188   Section        4  entry2.o(.ARM.Collect$$$$00000001)
    .ARM.Collect$$$$00000004                 0x0800018c   Section        4  entry5.o(.ARM.Collect$$$$00000004)
    .ARM.Collect$$$$00000008                 0x08000190   Section        0  entry7b.o(.ARM.Collect$$$$00000008)
    .ARM.Collect$$$$0000000A                 0x08000190   Section        0  entry8b.o(.ARM.Collect$$$$0000000A)
    .ARM.Collect$$$$0000000B                 0x08000190   Section        8  entry9a.o(.ARM.Collect$$$$0000000B)
    .ARM.Collect$$$$0000000D                 0x08000198   Section        0  entry10a.o(.ARM.Collect$$$$0000000D)
    .ARM.Collect$$$$0000000F                 0x08000198   Section        0  entry11a.o(.ARM.Collect$$$$0000000F)
    .ARM.Collect$$$$00002712                 0x08000198   Section        4  entry2.o(.ARM.Collect$$$$00002712)
    __lit__00000000                          0x08000198   Data           4  entry2.o(.ARM.Collect$$$$00002712)
    .text                                    0x0800019c   Section        0  delay.o(.text)
    .text                                    0x080001e0   Section        0  led8.o(.text)
    .text                                    0x08000278   Section        0  main.o(.text)
    TaskStart                                0x080002c9   Thumb Code    18  main.o(.text)
    .text                                    0x080002e0   Section        0  stm32f4xx_it.o(.text)
    .text                                    0x08000304   Section        0  tim3.o(.text)
    .text                                    0x0800039c   Section        0  misc.o(.text)
    .text                                    0x0800047c   Section        0  stm32f4xx_gpio.o(.text)
    .text                                    0x080006d8   Section        0  stm32f4xx_rcc.o(.text)
    .text                                    0x08000c60   Section        0  stm32f4xx_tim.o(.text)
    TI4_Config                               0x080013ff   Thumb Code    80  stm32f4xx_tim.o(.text)
    TI3_Config                               0x08001461   Thumb Code    72  stm32f4xx_tim.o(.text)
    TI2_Config                               0x080014c3   Thumb Code    90  stm32f4xx_tim.o(.text)
    TI1_Config                               0x0800152f   Thumb Code    58  stm32f4xx_tim.o(.text)
    .text                                    0x08001904   Section        0  system_stm32f4xx.o(.text)
    SetSysClock                              0x08001905   Thumb Code   220  system_stm32f4xx.o(.text)
    .text                                    0x08001b14   Section       36  startup_stm32f4xx.o(.text)
    $v0                                      0x08001b14   Number         0  startup_stm32f4xx.o(.text)
    .text                                    0x08001b38   Section        0  os_core.o(.text)
    OS_InitTaskStat                          0x08001bff   Thumb Code    52  os_core.o(.text)
    OS_InitTaskIdle                          0x08001c55   Thumb Code    52  os_core.o(.text)
    OS_InitEventList                         0x08001c9b   Thumb Code    76  os_core.o(.text)
    OS_InitTCBList                           0x08001ce7   Thumb Code   106  os_core.o(.text)
    OS_InitRdyList                           0x08001d51   Thumb Code    44  os_core.o(.text)
    OS_InitMisc                              0x08001d7d   Thumb Code    44  os_core.o(.text)
    OS_SchedNew                              0x08001df5   Thumb Code    26  os_core.o(.text)
    .text                                    0x080023f8   Section        0  os_flag.o(.text)
    OS_FlagTaskRdy                           0x0800256f   Thumb Code    82  os_flag.o(.text)
    OS_FlagBlock                             0x08002729   Thumb Code   152  os_flag.o(.text)
    .text                                    0x08002c04   Section        0  os_mem.o(.text)
    .text                                    0x08002de8   Section        0  os_q.o(.text)
    .text                                    0x080033d0   Section        0  os_task.o(.text)
    .text                                    0x08003b90   Section        0  os_time.o(.text)
    .text                                    0x08003d3c   Section      176  os_cpu_a.o(.text)
    $v0                                      0x08003d3c   Number         0  os_cpu_a.o(.text)
    .text                                    0x08003dec   Section        0  os_cpu_c.o(.text)
    .text                                    0x08004074   Section       36  init.o(.text)
    i.__scatterload_copy                     0x08004098   Section       14  handlers.o(i.__scatterload_copy)
    i.__scatterload_null                     0x080040a6   Section        2  handlers.o(i.__scatterload_null)
    i.__scatterload_zeroinit                 0x080040a8   Section       14  handlers.o(i.__scatterload_zeroinit)
    .constdata                               0x080040b6   Section       18  led8.o(.constdata)
    .constdata                               0x080040c8   Section      256  os_core.o(.constdata)
    .data                                    0x20000000   Section       16  stm32f4xx_rcc.o(.data)
    APBAHBPrescTable                         0x20000000   Data          16  stm32f4xx_rcc.o(.data)
    .data                                    0x20000010   Section       20  system_stm32f4xx.o(.data)
    .data                                    0x20000024   Section       76  os_core.o(.data)
    .data                                    0x20000070   Section        4  os_cpu_c.o(.data)
    .bss                                     0x20000074   Section     7084  os_core.o(.bss)
    STACK                                    0x20001c20   Section     1024  startup_stm32f4xx.o(STACK)

    Global Symbols

    Symbol Name                              Value     Ov Type        Size  Object(Section)

    BuildAttributes$$THM_ISAv4$E$P$D$K$B$S$7EM$VFPi3$EXTD16$VFPS$VFMA$PE$A:L22UL41UL21$X:L11$S22US41US21$IEEE1$IW$USESV6$~STKCKD$USESV7$~SHL$OSPACE$EBA8$MICROLIB$REQ8$PRES8$EABIv2 0x00000000   Number         0  anon$$obj.o ABSOLUTE
    __ARM_use_no_argv                        0x00000000   Number         0  main.o ABSOLUTE
    __cpp_initialize__aeabi_                  - Undefined Weak Reference
    __cxa_finalize                            - Undefined Weak Reference
    __decompress                              - Undefined Weak Reference
    _clock_init                               - Undefined Weak Reference
    _microlib_exit                            - Undefined Weak Reference
    __Vectors_Size                           0x00000188   Number         0  startup_stm32f4xx.o ABSOLUTE
    __Vectors                                0x08000000   Data           4  startup_stm32f4xx.o(RESET)
    __Vectors_End                            0x08000188   Data           0  startup_stm32f4xx.o(RESET)
    __main                                   0x08000189   Thumb Code     0  entry.o(.ARM.Collect$$$$00000000)
    _main_stk                                0x08000189   Thumb Code     0  entry2.o(.ARM.Collect$$$$00000001)
    _main_scatterload                        0x0800018d   Thumb Code     0  entry5.o(.ARM.Collect$$$$00000004)
    __main_after_scatterload                 0x08000191   Thumb Code     0  entry5.o(.ARM.Collect$$$$00000004)
    _main_clock                              0x08000191   Thumb Code     0  entry7b.o(.ARM.Collect$$$$00000008)
    _main_cpp_init                           0x08000191   Thumb Code     0  entry8b.o(.ARM.Collect$$$$0000000A)
    _main_init                               0x08000191   Thumb Code     0  entry9a.o(.ARM.Collect$$$$0000000B)
    __rt_final_cpp                           0x08000199   Thumb Code     0  entry10a.o(.ARM.Collect$$$$0000000D)
    __rt_final_exit                          0x08000199   Thumb Code     0  entry11a.o(.ARM.Collect$$$$0000000F)
    Delay_ms                                 0x0800019d   Thumb Code    28  delay.o(.text)
    Delay_us                                 0x080001b9   Thumb Code    26  delay.o(.text)
    Delay                                    0x080001d3   Thumb Code    14  delay.o(.text)
    Led8_Configuration                       0x080001e1   Thumb Code    64  led8.o(.text)
    Led8DisData                              0x08000221   Thumb Code    78  led8.o(.text)
    main                                     0x08000279   Thumb Code    80  main.o(.text)
    NMI_Handler                              0x080002e1   Thumb Code     2  stm32f4xx_it.o(.text)
    HardFault_Handler                        0x080002e3   Thumb Code    18  stm32f4xx_it.o(.text)
    MemManage_Handler                        0x080002f5   Thumb Code     4  stm32f4xx_it.o(.text)
    BusFault_Handler                         0x080002f9   Thumb Code     4  stm32f4xx_it.o(.text)
    UsageFault_Handler                       0x080002fd   Thumb Code     4  stm32f4xx_it.o(.text)
    SVC_Handler                              0x08000301   Thumb Code     2  stm32f4xx_it.o(.text)
    DebugMon_Handler                         0x08000303   Thumb Code     2  stm32f4xx_it.o(.text)
    TIM3_Int_Init                            0x08000305   Thumb Code   104  tim3.o(.text)
    TIM3_IRQHandler                          0x0800036d   Thumb Code    40  tim3.o(.text)
    NVIC_PriorityGroupConfig                 0x0800039d   Thumb Code    10  misc.o(.text)
    NVIC_Init                                0x080003a7   Thumb Code   106  misc.o(.text)
    NVIC_SetVectorTable                      0x08000411   Thumb Code    14  misc.o(.text)
    NVIC_SystemLPConfig                      0x0800041f   Thumb Code    34  misc.o(.text)
    SysTick_CLKSourceConfig                  0x08000441   Thumb Code    40  misc.o(.text)
    GPIO_DeInit                              0x0800047d   Thumb Code   220  stm32f4xx_gpio.o(.text)
    GPIO_Init                                0x08000559   Thumb Code   144  stm32f4xx_gpio.o(.text)
    GPIO_StructInit                          0x080005e9   Thumb Code    18  stm32f4xx_gpio.o(.text)
    GPIO_PinLockConfig                       0x080005fb   Thumb Code    34  stm32f4xx_gpio.o(.text)
    GPIO_ReadInputDataBit                    0x0800061d   Thumb Code    18  stm32f4xx_gpio.o(.text)
    GPIO_ReadInputData                       0x0800062f   Thumb Code     8  stm32f4xx_gpio.o(.text)
    GPIO_ReadOutputDataBit                   0x08000637   Thumb Code    18  stm32f4xx_gpio.o(.text)
    GPIO_ReadOutputData                      0x08000649   Thumb Code     8  stm32f4xx_gpio.o(.text)
    GPIO_SetBits                             0x08000651   Thumb Code     4  stm32f4xx_gpio.o(.text)
    GPIO_ResetBits                           0x08000655   Thumb Code     4  stm32f4xx_gpio.o(.text)
    GPIO_WriteBit                            0x08000659   Thumb Code    10  stm32f4xx_gpio.o(.text)
    GPIO_Write                               0x08000663   Thumb Code     4  stm32f4xx_gpio.o(.text)
    GPIO_ToggleBits                          0x08000667   Thumb Code     8  stm32f4xx_gpio.o(.text)
    GPIO_PinAFConfig                         0x0800066f   Thumb Code    70  stm32f4xx_gpio.o(.text)
    RCC_DeInit                               0x080006d9   Thumb Code    60  stm32f4xx_rcc.o(.text)
    RCC_HSEConfig                            0x08000715   Thumb Code    14  stm32f4xx_rcc.o(.text)
    RCC_GetFlagStatus                        0x08000723   Thumb Code    60  stm32f4xx_rcc.o(.text)
    RCC_WaitForHSEStartUp                    0x0800075f   Thumb Code    56  stm32f4xx_rcc.o(.text)
    RCC_AdjustHSICalibrationValue            0x08000797   Thumb Code    20  stm32f4xx_rcc.o(.text)
    RCC_HSICmd                               0x080007ab   Thumb Code     6  stm32f4xx_rcc.o(.text)
    RCC_LSEConfig                            0x080007b1   Thumb Code    46  stm32f4xx_rcc.o(.text)
    RCC_LSICmd                               0x080007df   Thumb Code     6  stm32f4xx_rcc.o(.text)
    RCC_PLLConfig                            0x080007e5   Thumb Code    32  stm32f4xx_rcc.o(.text)
    RCC_PLLCmd                               0x08000805   Thumb Code     6  stm32f4xx_rcc.o(.text)
    RCC_PLLI2SConfig                         0x0800080b   Thumb Code    14  stm32f4xx_rcc.o(.text)
    RCC_PLLI2SCmd                            0x08000819   Thumb Code     6  stm32f4xx_rcc.o(.text)
    RCC_ClockSecuritySystemCmd               0x0800081f   Thumb Code     6  stm32f4xx_rcc.o(.text)
    RCC_MCO1Config                           0x08000825   Thumb Code    28  stm32f4xx_rcc.o(.text)
    RCC_MCO2Config                           0x08000841   Thumb Code    28  stm32f4xx_rcc.o(.text)
    RCC_SYSCLKConfig                         0x0800085d   Thumb Code    20  stm32f4xx_rcc.o(.text)
    RCC_GetSYSCLKSource                      0x08000871   Thumb Code    12  stm32f4xx_rcc.o(.text)
    RCC_HCLKConfig                           0x0800087d   Thumb Code    20  stm32f4xx_rcc.o(.text)
    RCC_PCLK1Config                          0x08000891   Thumb Code    20  stm32f4xx_rcc.o(.text)
    RCC_PCLK2Config                          0x080008a5   Thumb Code    22  stm32f4xx_rcc.o(.text)
    RCC_GetClocksFreq                        0x080008bb   Thumb Code   222  stm32f4xx_rcc.o(.text)
    RCC_RTCCLKConfig                         0x08000999   Thumb Code    54  stm32f4xx_rcc.o(.text)
    RCC_RTCCLKCmd                            0x080009cf   Thumb Code     8  stm32f4xx_rcc.o(.text)
    RCC_BackupResetCmd                       0x080009d7   Thumb Code     8  stm32f4xx_rcc.o(.text)
    RCC_I2SCLKConfig                         0x080009df   Thumb Code     6  stm32f4xx_rcc.o(.text)
    RCC_AHB1PeriphClockCmd                   0x080009e5   Thumb Code    34  stm32f4xx_rcc.o(.text)
    RCC_AHB2PeriphClockCmd                   0x08000a07   Thumb Code    34  stm32f4xx_rcc.o(.text)
    RCC_AHB3PeriphClockCmd                   0x08000a29   Thumb Code    34  stm32f4xx_rcc.o(.text)
    RCC_APB1PeriphClockCmd                   0x08000a4b   Thumb Code    34  stm32f4xx_rcc.o(.text)
    RCC_APB2PeriphClockCmd                   0x08000a6d   Thumb Code    34  stm32f4xx_rcc.o(.text)
    RCC_AHB1PeriphResetCmd                   0x08000a8f   Thumb Code    34  stm32f4xx_rcc.o(.text)
    RCC_AHB2PeriphResetCmd                   0x08000ab1   Thumb Code    72  stm32f4xx_rcc.o(.text)
    RCC_AHB3PeriphResetCmd                   0x08000af9   Thumb Code    34  stm32f4xx_rcc.o(.text)
    RCC_APB1PeriphResetCmd                   0x08000b1b   Thumb Code    34  stm32f4xx_rcc.o(.text)
    RCC_APB2PeriphResetCmd                   0x08000b3d   Thumb Code    34  stm32f4xx_rcc.o(.text)
    RCC_AHB1PeriphClockLPModeCmd             0x08000b5f   Thumb Code    34  stm32f4xx_rcc.o(.text)
    RCC_AHB2PeriphClockLPModeCmd             0x08000b81   Thumb Code    34  stm32f4xx_rcc.o(.text)
    RCC_AHB3PeriphClockLPModeCmd             0x08000ba3   Thumb Code    34  stm32f4xx_rcc.o(.text)
    RCC_APB1PeriphClockLPModeCmd             0x08000bc5   Thumb Code    34  stm32f4xx_rcc.o(.text)
    RCC_APB2PeriphClockLPModeCmd             0x08000be7   Thumb Code    34  stm32f4xx_rcc.o(.text)
    RCC_ITConfig                             0x08000c09   Thumb Code    34  stm32f4xx_rcc.o(.text)
    RCC_ClearFlag                            0x08000c2b   Thumb Code    18  stm32f4xx_rcc.o(.text)
    RCC_GetITStatus                          0x08000c3d   Thumb Code    22  stm32f4xx_rcc.o(.text)
    RCC_ClearITPendingBit                    0x08000c53   Thumb Code     8  stm32f4xx_rcc.o(.text)
    TIM_DeInit                               0x08000c61   Thumb Code   346  stm32f4xx_tim.o(.text)
    TIM_TimeBaseInit                         0x08000dbb   Thumb Code   104  stm32f4xx_tim.o(.text)
    TIM_TimeBaseStructInit                   0x08000e23   Thumb Code    18  stm32f4xx_tim.o(.text)
    TIM_PrescalerConfig                      0x08000e35   Thumb Code     6  stm32f4xx_tim.o(.text)
    TIM_CounterModeConfig                    0x08000e3b   Thumb Code    18  stm32f4xx_tim.o(.text)
    TIM_SetCounter                           0x08000e4d   Thumb Code     4  stm32f4xx_tim.o(.text)
    TIM_SetAutoreload                        0x08000e51   Thumb Code     4  stm32f4xx_tim.o(.text)
    TIM_GetCounter                           0x08000e55   Thumb Code     6  stm32f4xx_tim.o(.text)
    TIM_GetPrescaler                         0x08000e5b   Thumb Code     6  stm32f4xx_tim.o(.text)
    TIM_UpdateDisableConfig                  0x08000e61   Thumb Code    24  stm32f4xx_tim.o(.text)
    TIM_UpdateRequestConfig                  0x08000e79   Thumb Code    24  stm32f4xx_tim.o(.text)
    TIM_ARRPreloadConfig                     0x08000e91   Thumb Code    24  stm32f4xx_tim.o(.text)
    TIM_SelectOnePulseMode                   0x08000ea9   Thumb Code    18  stm32f4xx_tim.o(.text)
    TIM_SetClockDivision                     0x08000ebb   Thumb Code    18  stm32f4xx_tim.o(.text)
    TIM_Cmd                                  0x08000ecd   Thumb Code    24  stm32f4xx_tim.o(.text)
    TIM_OC1Init                              0x08000ee5   Thumb Code   114  stm32f4xx_tim.o(.text)
    TIM_OC2Init                              0x08000f57   Thumb Code   154  stm32f4xx_tim.o(.text)
    TIM_OC3Init                              0x08000ff1   Thumb Code   204  stm32f4xx_tim.o(.text)
    TIM_OC4Init                              0x080010bd   Thumb Code   112  stm32f4xx_tim.o(.text)
    TIM_OCStructInit                         0x0800112d   Thumb Code    20  stm32f4xx_tim.o(.text)
    TIM_SelectOCxM                           0x08001141   Thumb Code    86  stm32f4xx_tim.o(.text)
    TIM_SetCompare1                          0x08001197   Thumb Code     4  stm32f4xx_tim.o(.text)
    TIM_SetCompare2                          0x0800119b   Thumb Code     4  stm32f4xx_tim.o(.text)
    TIM_SetCompare3                          0x0800119f   Thumb Code     4  stm32f4xx_tim.o(.text)
    TIM_SetCompare4                          0x080011a3   Thumb Code     4  stm32f4xx_tim.o(.text)
    TIM_ForcedOC1Config                      0x080011a7   Thumb Code    18  stm32f4xx_tim.o(.text)
    TIM_ForcedOC2Config                      0x080011b9   Thumb Code    26  stm32f4xx_tim.o(.text)
    TIM_ForcedOC3Config                      0x080011d3   Thumb Code    18  stm32f4xx_tim.o(.text)
    TIM_ForcedOC4Config                      0x080011e5   Thumb Code    26  stm32f4xx_tim.o(.text)
    TIM_OC1PreloadConfig                     0x080011ff   Thumb Code    18  stm32f4xx_tim.o(.text)
    TIM_OC2PreloadConfig                     0x08001211   Thumb Code    26  stm32f4xx_tim.o(.text)
    TIM_OC3PreloadConfig                     0x0800122b   Thumb Code    18  stm32f4xx_tim.o(.text)
    TIM_OC4PreloadConfig                     0x0800123d   Thumb Code    26  stm32f4xx_tim.o(.text)
    TIM_OC1FastConfig                        0x08001257   Thumb Code    18  stm32f4xx_tim.o(.text)
    TIM_OC2FastConfig                        0x08001269   Thumb Code    26  stm32f4xx_tim.o(.text)
    TIM_OC3FastConfig                        0x08001283   Thumb Code    18  stm32f4xx_tim.o(.text)
    TIM_OC4FastConfig                        0x08001295   Thumb Code    26  stm32f4xx_tim.o(.text)
    TIM_ClearOC1Ref                          0x080012af   Thumb Code    18  stm32f4xx_tim.o(.text)
    TIM_ClearOC2Ref                          0x080012c1   Thumb Code    24  stm32f4xx_tim.o(.text)
    TIM_ClearOC3Ref                          0x080012d9   Thumb Code    18  stm32f4xx_tim.o(.text)
    TIM_ClearOC4Ref                          0x080012eb   Thumb Code    24  stm32f4xx_tim.o(.text)
    TIM_OC1PolarityConfig                    0x08001303   Thumb Code    18  stm32f4xx_tim.o(.text)
    TIM_OC1NPolarityConfig                   0x08001315   Thumb Code    18  stm32f4xx_tim.o(.text)
    TIM_OC2PolarityConfig                    0x08001327   Thumb Code    26  stm32f4xx_tim.o(.text)
    TIM_OC2NPolarityConfig                   0x08001341   Thumb Code    26  stm32f4xx_tim.o(.text)
    TIM_OC3PolarityConfig                    0x0800135b   Thumb Code    26  stm32f4xx_tim.o(.text)
    TIM_OC3NPolarityConfig                   0x08001375   Thumb Code    26  stm32f4xx_tim.o(.text)
    TIM_OC4PolarityConfig                    0x0800138f   Thumb Code    26  stm32f4xx_tim.o(.text)
    TIM_CCxCmd                               0x080013a9   Thumb Code    30  stm32f4xx_tim.o(.text)
    TIM_CCxNCmd                              0x080013c7   Thumb Code    30  stm32f4xx_tim.o(.text)
    TIM_SetIC4Prescaler                      0x080013e5   Thumb Code    26  stm32f4xx_tim.o(.text)
    TIM_SetIC3Prescaler                      0x0800144f   Thumb Code    18  stm32f4xx_tim.o(.text)
    TIM_SetIC2Prescaler                      0x080014a9   Thumb Code    26  stm32f4xx_tim.o(.text)
    TIM_SetIC1Prescaler                      0x0800151d   Thumb Code    18  stm32f4xx_tim.o(.text)
    TIM_ICInit                               0x08001569   Thumb Code   110  stm32f4xx_tim.o(.text)
    TIM_ICStructInit                         0x080015d7   Thumb Code    18  stm32f4xx_tim.o(.text)
    TIM_PWMIConfig                           0x080015e9   Thumb Code   124  stm32f4xx_tim.o(.text)
    TIM_GetCapture1                          0x08001665   Thumb Code     6  stm32f4xx_tim.o(.text)
    TIM_GetCapture2                          0x0800166b   Thumb Code     6  stm32f4xx_tim.o(.text)
    TIM_GetCapture3                          0x08001671   Thumb Code     6  stm32f4xx_tim.o(.text)
    TIM_GetCapture4                          0x08001677   Thumb Code     6  stm32f4xx_tim.o(.text)
    TIM_BDTRConfig                           0x0800167d   Thumb Code    32  stm32f4xx_tim.o(.text)
    TIM_BDTRStructInit                       0x0800169d   Thumb Code    18  stm32f4xx_tim.o(.text)
    TIM_CtrlPWMOutputs                       0x080016af   Thumb Code    30  stm32f4xx_tim.o(.text)
    TIM_SelectCOM                            0x080016cd   Thumb Code    24  stm32f4xx_tim.o(.text)
    TIM_CCPreloadControl                     0x080016e5   Thumb Code    24  stm32f4xx_tim.o(.text)
    TIM_ITConfig                             0x080016fd   Thumb Code    18  stm32f4xx_tim.o(.text)
    TIM_GenerateEvent                        0x0800170f   Thumb Code     4  stm32f4xx_tim.o(.text)
    TIM_GetFlagStatus                        0x08001713   Thumb Code    18  stm32f4xx_tim.o(.text)
    TIM_ClearFlag                            0x08001725   Thumb Code     6  stm32f4xx_tim.o(.text)
    TIM_GetITStatus                          0x0800172b   Thumb Code    34  stm32f4xx_tim.o(.text)
    TIM_ClearITPendingBit                    0x0800174d   Thumb Code     6  stm32f4xx_tim.o(.text)
    TIM_DMAConfig                            0x08001753   Thumb Code    10  stm32f4xx_tim.o(.text)
    TIM_DMACmd                               0x0800175d   Thumb Code    18  stm32f4xx_tim.o(.text)
    TIM_SelectCCDMA                          0x0800176f   Thumb Code    24  stm32f4xx_tim.o(.text)
    TIM_InternalClockConfig                  0x08001787   Thumb Code    12  stm32f4xx_tim.o(.text)
    TIM_SelectInputTrigger                   0x08001793   Thumb Code    18  stm32f4xx_tim.o(.text)
    TIM_ITRxExternalClockConfig              0x080017a5   Thumb Code    24  stm32f4xx_tim.o(.text)
    TIM_TIxExternalClockConfig               0x080017bd   Thumb Code    62  stm32f4xx_tim.o(.text)
    TIM_ETRConfig                            0x080017fb   Thumb Code    28  stm32f4xx_tim.o(.text)
    TIM_ETRClockMode1Config                  0x08001817   Thumb Code    54  stm32f4xx_tim.o(.text)
    TIM_ETRClockMode2Config                  0x0800184d   Thumb Code    32  stm32f4xx_tim.o(.text)
    TIM_SelectOutputTrigger                  0x0800186d   Thumb Code    18  stm32f4xx_tim.o(.text)
    TIM_SelectSlaveMode                      0x0800187f   Thumb Code    18  stm32f4xx_tim.o(.text)
    TIM_SelectMasterSlaveMode                0x08001891   Thumb Code    18  stm32f4xx_tim.o(.text)
    TIM_EncoderInterfaceConfig               0x080018a3   Thumb Code    66  stm32f4xx_tim.o(.text)
    TIM_SelectHallSensor                     0x080018e5   Thumb Code    24  stm32f4xx_tim.o(.text)
    TIM_RemapConfig                          0x080018fd   Thumb Code     6  stm32f4xx_tim.o(.text)
    SystemInit                               0x080019e1   Thumb Code    88  system_stm32f4xx.o(.text)
    SystemCoreClockUpdate                    0x08001a39   Thumb Code   174  system_stm32f4xx.o(.text)
    Reset_Handler                            0x08001b15   Thumb Code     8  startup_stm32f4xx.o(.text)
    ADC_IRQHandler                           0x08001b2f   Thumb Code     0  startup_stm32f4xx.o(.text)
    CAN1_RX0_IRQHandler                      0x08001b2f   Thumb Code     0  startup_stm32f4xx.o(.text)
    CAN1_RX1_IRQHandler                      0x08001b2f   Thumb Code     0  startup_stm32f4xx.o(.text)
    CAN1_SCE_IRQHandler                      0x08001b2f   Thumb Code     0  startup_stm32f4xx.o(.text)
    CAN1_TX_IRQHandler                       0x08001b2f   Thumb Code     0  startup_stm32f4xx.o(.text)
    CAN2_RX0_IRQHandler                      0x08001b2f   Thumb Code     0  startup_stm32f4xx.o(.text)
    CAN2_RX1_IRQHandler                      0x08001b2f   Thumb Code     0  startup_stm32f4xx.o(.text)
    CAN2_SCE_IRQHandler                      0x08001b2f   Thumb Code     0  startup_stm32f4xx.o(.text)
    CAN2_TX_IRQHandler                       0x08001b2f   Thumb Code     0  startup_stm32f4xx.o(.text)
    CRYP_IRQHandler                          0x08001b2f   Thumb Code     0  startup_stm32f4xx.o(.text)
    DCMI_IRQHandler                          0x08001b2f   Thumb Code     0  startup_stm32f4xx.o(.text)
    DMA1_Stream0_IRQHandler                  0x08001b2f   Thumb Code     0  startup_stm32f4xx.o(.text)
    DMA1_Stream1_IRQHandler                  0x08001b2f   Thumb Code     0  startup_stm32f4xx.o(.text)
    DMA1_Stream2_IRQHandler                  0x08001b2f   Thumb Code     0  startup_stm32f4xx.o(.text)
    DMA1_Stream3_IRQHandler                  0x08001b2f   Thumb Code     0  startup_stm32f4xx.o(.text)
    DMA1_Stream4_IRQHandler                  0x08001b2f   Thumb Code     0  startup_stm32f4xx.o(.text)
    DMA1_Stream5_IRQHandler                  0x08001b2f   Thumb Code     0  startup_stm32f4xx.o(.text)
    DMA1_Stream6_IRQHandler                  0x08001b2f   Thumb Code     0  startup_stm32f4xx.o(.text)
    DMA1_Stream7_IRQHandler                  0x08001b2f   Thumb Code     0  startup_stm32f4xx.o(.text)
    DMA2_Stream0_IRQHandler                  0x08001b2f   Thumb Code     0  startup_stm32f4xx.o(.text)
    DMA2_Stream1_IRQHandler                  0x08001b2f   Thumb Code     0  startup_stm32f4xx.o(.text)
    DMA2_Stream2_IRQHandler                  0x08001b2f   Thumb Code     0  startup_stm32f4xx.o(.text)
    DMA2_Stream3_IRQHandler                  0x08001b2f   Thumb Code     0  startup_stm32f4xx.o(.text)
    DMA2_Stream4_IRQHandler                  0x08001b2f   Thumb Code     0  startup_stm32f4xx.o(.text)
    DMA2_Stream5_IRQHandler                  0x08001b2f   Thumb Code     0  startup_stm32f4xx.o(.text)
    DMA2_Stream6_IRQHandler                  0x08001b2f   Thumb Code     0  startup_stm32f4xx.o(.text)
    DMA2_Stream7_IRQHandler                  0x08001b2f   Thumb Code     0  startup_stm32f4xx.o(.text)
    ETH_IRQHandler                           0x08001b2f   Thumb Code     0  startup_stm32f4xx.o(.text)
    ETH_WKUP_IRQHandler                      0x08001b2f   Thumb Code     0  startup_stm32f4xx.o(.text)
    EXTI0_IRQHandler                         0x08001b2f   Thumb Code     0  startup_stm32f4xx.o(.text)
    EXTI15_10_IRQHandler                     0x08001b2f   Thumb Code     0  startup_stm32f4xx.o(.text)
    EXTI1_IRQHandler                         0x08001b2f   Thumb Code     0  startup_stm32f4xx.o(.text)
    EXTI2_IRQHandler                         0x08001b2f   Thumb Code     0  startup_stm32f4xx.o(.text)
    EXTI3_IRQHandler                         0x08001b2f   Thumb Code     0  startup_stm32f4xx.o(.text)
    EXTI4_IRQHandler                         0x08001b2f   Thumb Code     0  startup_stm32f4xx.o(.text)
    EXTI9_5_IRQHandler                       0x08001b2f   Thumb Code     0  startup_stm32f4xx.o(.text)
    FLASH_IRQHandler                         0x08001b2f   Thumb Code     0  startup_stm32f4xx.o(.text)
    FPU_IRQHandler                           0x08001b2f   Thumb Code     0  startup_stm32f4xx.o(.text)
    FSMC_IRQHandler                          0x08001b2f   Thumb Code     0  startup_stm32f4xx.o(.text)
    HASH_RNG_IRQHandler                      0x08001b2f   Thumb Code     0  startup_stm32f4xx.o(.text)
    I2C1_ER_IRQHandler                       0x08001b2f   Thumb Code     0  startup_stm32f4xx.o(.text)
    I2C1_EV_IRQHandler                       0x08001b2f   Thumb Code     0  startup_stm32f4xx.o(.text)
    I2C2_ER_IRQHandler                       0x08001b2f   Thumb Code     0  startup_stm32f4xx.o(.text)
    I2C2_EV_IRQHandler                       0x08001b2f   Thumb Code     0  startup_stm32f4xx.o(.text)
    I2C3_ER_IRQHandler                       0x08001b2f   Thumb Code     0  startup_stm32f4xx.o(.text)
    I2C3_EV_IRQHandler                       0x08001b2f   Thumb Code     0  startup_stm32f4xx.o(.text)
    OTG_FS_IRQHandler                        0x08001b2f   Thumb Code     0  startup_stm32f4xx.o(.text)
    OTG_FS_WKUP_IRQHandler                   0x08001b2f   Thumb Code     0  startup_stm32f4xx.o(.text)
    OTG_HS_EP1_IN_IRQHandler                 0x08001b2f   Thumb Code     0  startup_stm32f4xx.o(.text)
    OTG_HS_EP1_OUT_IRQHandler                0x08001b2f   Thumb Code     0  startup_stm32f4xx.o(.text)
    OTG_HS_IRQHandler                        0x08001b2f   Thumb Code     0  startup_stm32f4xx.o(.text)
    OTG_HS_WKUP_IRQHandler                   0x08001b2f   Thumb Code     0  startup_stm32f4xx.o(.text)
    PVD_IRQHandler                           0x08001b2f   Thumb Code     0  startup_stm32f4xx.o(.text)
    RCC_IRQHandler                           0x08001b2f   Thumb Code     0  startup_stm32f4xx.o(.text)
    RTC_Alarm_IRQHandler                     0x08001b2f   Thumb Code     0  startup_stm32f4xx.o(.text)
    RTC_WKUP_IRQHandler                      0x08001b2f   Thumb Code     0  startup_stm32f4xx.o(.text)
    SDIO_IRQHandler                          0x08001b2f   Thumb Code     0  startup_stm32f4xx.o(.text)
    SPI1_IRQHandler                          0x08001b2f   Thumb Code     0  startup_stm32f4xx.o(.text)
    SPI2_IRQHandler                          0x08001b2f   Thumb Code     0  startup_stm32f4xx.o(.text)
    SPI3_IRQHandler                          0x08001b2f   Thumb Code     0  startup_stm32f4xx.o(.text)
    TAMP_STAMP_IRQHandler                    0x08001b2f   Thumb Code     0  startup_stm32f4xx.o(.text)
    TIM1_BRK_TIM9_IRQHandler                 0x08001b2f   Thumb Code     0  startup_stm32f4xx.o(.text)
    TIM1_CC_IRQHandler                       0x08001b2f   Thumb Code     0  startup_stm32f4xx.o(.text)
    TIM1_TRG_COM_TIM11_IRQHandler            0x08001b2f   Thumb Code     0  startup_stm32f4xx.o(.text)
    TIM1_UP_TIM10_IRQHandler                 0x08001b2f   Thumb Code     0  startup_stm32f4xx.o(.text)
    TIM2_IRQHandler                          0x08001b2f   Thumb Code     0  startup_stm32f4xx.o(.text)
    TIM4_IRQHandler                          0x08001b2f   Thumb Code     0  startup_stm32f4xx.o(.text)
    TIM5_IRQHandler                          0x08001b2f   Thumb Code     0  startup_stm32f4xx.o(.text)
    TIM6_DAC_IRQHandler                      0x08001b2f   Thumb Code     0  startup_stm32f4xx.o(.text)
    TIM7_IRQHandler                          0x08001b2f   Thumb Code     0  startup_stm32f4xx.o(.text)
    TIM8_BRK_TIM12_IRQHandler                0x08001b2f   Thumb Code     0  startup_stm32f4xx.o(.text)
    TIM8_CC_IRQHandler                       0x08001b2f   Thumb Code     0  startup_stm32f4xx.o(.text)
    TIM8_TRG_COM_TIM14_IRQHandler            0x08001b2f   Thumb Code     0  startup_stm32f4xx.o(.text)
    TIM8_UP_TIM13_IRQHandler                 0x08001b2f   Thumb Code     0  startup_stm32f4xx.o(.text)
    UART4_IRQHandler                         0x08001b2f   Thumb Code     0  startup_stm32f4xx.o(.text)
    UART5_IRQHandler                         0x08001b2f   Thumb Code     0  startup_stm32f4xx.o(.text)
    USART1_IRQHandler                        0x08001b2f   Thumb Code     0  startup_stm32f4xx.o(.text)
    USART2_IRQHandler                        0x08001b2f   Thumb Code     0  startup_stm32f4xx.o(.text)
    USART3_IRQHandler                        0x08001b2f   Thumb Code     0  startup_stm32f4xx.o(.text)
    USART6_IRQHandler                        0x08001b2f   Thumb Code     0  startup_stm32f4xx.o(.text)
    WWDG_IRQHandler                          0x08001b2f   Thumb Code     0  startup_stm32f4xx.o(.text)
    OS_TaskStatStkChk                        0x08001b39   Thumb Code    54  os_core.o(.text)
    OS_TaskStat                              0x08001b6f   Thumb Code   144  os_core.o(.text)
    OS_TaskIdle                              0x08001c33   Thumb Code    34  os_core.o(.text)
    OS_MemClr                                0x08001c89   Thumb Code    18  os_core.o(.text)
    OSInit                                   0x08001da9   Thumb Code    48  os_core.o(.text)
    OSIntEnter                               0x08001dd9   Thumb Code    28  os_core.o(.text)
    OSIntExit                                0x08001e0f   Thumb Code   112  os_core.o(.text)
    OSSchedLock                              0x08001e7f   Thumb Code    50  os_core.o(.text)
    OS_Sched                                 0x08001eb1   Thumb Code    88  os_core.o(.text)
    OSSchedUnlock                            0x08001f09   Thumb Code   238  os_core.o(.text)
    OSStart                                  0x08001ff7   Thumb Code    48  os_core.o(.text)
    OSStatInit                               0x08002027   Thumb Code    64  os_core.o(.text)
    OSTimeTick                               0x08002067   Thumb Code   210  os_core.o(.text)
    OSVersion                                0x08002139   Thumb Code     6  os_core.o(.text)
    OS_Dummy                                 0x0800213f   Thumb Code     2  os_core.o(.text)
    OS_EventTaskRemove                       0x08002141   Thumb Code    42  os_core.o(.text)
    OS_EventTaskRdy                          0x0800216b   Thumb Code   114  os_core.o(.text)
    OS_EventTaskWait                         0x080021dd   Thumb Code   112  os_core.o(.text)
    OS_EventWaitListInit                     0x0800224d   Thumb Code    28  os_core.o(.text)
    OS_MemCopy                               0x08002269   Thumb Code    20  os_core.o(.text)
    OS_StrLen                                0x0800227d   Thumb Code    20  os_core.o(.text)
    OS_TCBInit                               0x08002291   Thumb Code   292  os_core.o(.text)
    OSFlagAccept                             0x080023f9   Thumb Code   252  os_flag.o(.text)
    OSFlagCreate                             0x080024f5   Thumb Code    86  os_flag.o(.text)
    OS_FlagUnlink                            0x0800254b   Thumb Code    36  os_flag.o(.text)
    OSFlagDel                                0x080025c1   Thumb Code   214  os_flag.o(.text)
    OSFlagNameGet                            0x08002697   Thumb Code    80  os_flag.o(.text)
    OSFlagNameSet                            0x080026e7   Thumb Code    66  os_flag.o(.text)
    OSFlagPend                               0x080027c1   Thumb Code   614  os_flag.o(.text)
    OSFlagPendGetFlagsRdy                    0x08002a27   Thumb Code    26  os_flag.o(.text)
    OSFlagPost                               0x08002a41   Thumb Code   312  os_flag.o(.text)
    OSFlagQuery                              0x08002b79   Thumb Code    48  os_flag.o(.text)
    OS_FlagInit                              0x08002ba9   Thumb Code    78  os_flag.o(.text)
    OSMemCreate                              0x08002c05   Thumb Code   118  os_mem.o(.text)
    OSMemGet                                 0x08002c7b   Thumb Code    62  os_mem.o(.text)
    OSMemNameGet                             0x08002cb9   Thumb Code    60  os_mem.o(.text)
    OSMemNameSet                             0x08002cf5   Thumb Code    48  os_mem.o(.text)
    OSMemPut                                 0x08002d25   Thumb Code    54  os_mem.o(.text)
    OSMemQuery                               0x08002d5b   Thumb Code    52  os_mem.o(.text)
    OS_MemInit                               0x08002d8f   Thumb Code    74  os_mem.o(.text)
    OSQAccept                                0x08002de9   Thumb Code    88  os_q.o(.text)
    OSQCreate                                0x08002e41   Thumb Code   140  os_q.o(.text)
    OSQDel                                   0x08002ecd   Thumb Code   236  os_q.o(.text)
    OSQFlush                                 0x08002fb9   Thumb Code    36  os_q.o(.text)
    OSQPend                                  0x08002fdd   Thumb Code   272  os_q.o(.text)
    OSQPendAbort                             0x080030ed   Thumb Code   128  os_q.o(.text)
    OSQPost                                  0x0800316d   Thumb Code   114  os_q.o(.text)
    OSQPostFront                             0x080031df   Thumb Code   136  os_q.o(.text)
    OSQPostOpt                               0x08003267   Thumb Code   182  os_q.o(.text)
    OSQQuery                                 0x0800331d   Thumb Code    98  os_q.o(.text)
    OS_QInit                                 0x0800337f   Thumb Code    72  os_q.o(.text)
    OSTaskChangePrio                         0x080033d1   Thumb Code   308  os_task.o(.text)
    OSTaskCreate                             0x08003505   Thumb Code   148  os_task.o(.text)
    OS_TaskStkClr                            0x08003599   Thumb Code    26  os_task.o(.text)
    OSTaskCreateExt                          0x080035b3   Thumb Code   170  os_task.o(.text)
    OSTaskDel                                0x0800365d   Thumb Code   294  os_task.o(.text)
    OSTaskDelReq                             0x08003783   Thumb Code   144  os_task.o(.text)
    OSTaskNameGet                            0x08003813   Thumb Code   114  os_task.o(.text)
    OSTaskNameSet                            0x08003885   Thumb Code    98  os_task.o(.text)
    OSTaskResume                             0x080038e7   Thumb Code   154  os_task.o(.text)
    OSTaskStkChk                             0x08003981   Thumb Code   128  os_task.o(.text)
    OSTaskSuspend                            0x08003a01   Thumb Code   152  os_task.o(.text)
    OSTaskQuery                              0x08003a99   Thumb Code    82  os_task.o(.text)
    OSTaskRegGet                             0x08003aeb   Thumb Code    60  os_task.o(.text)
    OSTaskRegSet                             0x08003b27   Thumb Code    62  os_task.o(.text)
    OS_TaskReturn                            0x08003b65   Thumb Code    18  os_task.o(.text)
    OSTimeDly                                0x08003b91   Thumb Code   100  os_time.o(.text)
    OSTimeDlyHMSM                            0x08003bf5   Thumb Code    84  os_time.o(.text)
    OSTimeDlyResume                          0x08003c49   Thumb Code   168  os_time.o(.text)
    OSTimeGet                                0x08003cf1   Thumb Code    24  os_time.o(.text)
    OSTimeSet                                0x08003d09   Thumb Code    24  os_time.o(.text)
    OS_CPU_SR_Save                           0x08003d3d   Thumb Code     0  os_cpu_a.o(.text)
    OS_CPU_SR_Restore                        0x08003d45   Thumb Code     0  os_cpu_a.o(.text)
    OSStartHighRdy                           0x08003d4b   Thumb Code     0  os_cpu_a.o(.text)
    OSCtxSw                                  0x08003d6b   Thumb Code     0  os_cpu_a.o(.text)
    OSIntCtxSw                               0x08003d75   Thumb Code     0  os_cpu_a.o(.text)
    PendSV_Handler                           0x08003d7f   Thumb Code     0  os_cpu_a.o(.text)
    OSInitHookBegin                          0x08003ded   Thumb Code     2  os_cpu_c.o(.text)
    OSTaskReturnHook                         0x08003def   Thumb Code     2  os_cpu_c.o(.text)
    OSInitHookEnd                            0x08003df1   Thumb Code     2  os_cpu_c.o(.text)
    OSTaskCreateHook                         0x08003df3   Thumb Code     2  os_cpu_c.o(.text)
    OSTaskDelHook                            0x08003df5   Thumb Code     2  os_cpu_c.o(.text)
    OSTaskIdleHook                           0x08003df7   Thumb Code     2  os_cpu_c.o(.text)
    OSTaskStatHook                           0x08003df9   Thumb Code     2  os_cpu_c.o(.text)
    OSTaskStkInit                            0x08003dfb   Thumb Code   482  os_cpu_c.o(.text)
    OSTaskSwHook                             0x08003fdd   Thumb Code     2  os_cpu_c.o(.text)
    OSTCBInitHook                            0x08003fdf   Thumb Code     2  os_cpu_c.o(.text)
    OSTimeTickHook                           0x08003fe1   Thumb Code     2  os_cpu_c.o(.text)
    SysTick_Handler                          0x08003fe3   Thumb Code    44  os_cpu_c.o(.text)
    OS_CPU_SysTickInit                       0x0800400f   Thumb Code    86  os_cpu_c.o(.text)
    __scatterload                            0x08004075   Thumb Code    28  init.o(.text)
    __scatterload_rt2                        0x08004075   Thumb Code     0  init.o(.text)
    __scatterload_copy                       0x08004099   Thumb Code    14  handlers.o(i.__scatterload_copy)
    __scatterload_null                       0x080040a7   Thumb Code     2  handlers.o(i.__scatterload_null)
    __scatterload_zeroinit                   0x080040a9   Thumb Code    14  handlers.o(i.__scatterload_zeroinit)
    LED_table                                0x080040b6   Data          18  led8.o(.constdata)
    OSUnMapTbl                               0x080040c8   Data         256  os_core.o(.constdata)
    Region$$Table$$Base                      0x080041c8   Number         0  anon$$obj.o(Region$$Table)
    Region$$Table$$Limit                     0x080041e8   Number         0  anon$$obj.o(Region$$Table)
    SystemCoreClock                          0x20000010   Data           4  system_stm32f4xx.o(.data)
    AHBPrescTable                            0x20000014   Data          16  system_stm32f4xx.o(.data)
    OSCtxSwCtr                               0x20000024   Data           4  os_core.o(.data)
    OSEventFreeList                          0x20000028   Data           4  os_core.o(.data)
    OSFlagFreeList                           0x2000002c   Data           4  os_core.o(.data)
    OSCPUUsage                               0x20000030   Data           1  os_core.o(.data)
    OSIdleCtrMax                             0x20000034   Data           4  os_core.o(.data)
    OSIdleCtrRun                             0x20000038   Data           4  os_core.o(.data)
    OSStatRdy                                0x2000003c   Data           1  os_core.o(.data)
    OSIntNesting                             0x2000003d   Data           1  os_core.o(.data)
    OSLockNesting                            0x2000003e   Data           1  os_core.o(.data)
    OSPrioCur                                0x2000003f   Data           1  os_core.o(.data)
    OSPrioHighRdy                            0x20000040   Data           1  os_core.o(.data)
    OSRdyGrp                                 0x20000041   Data           1  os_core.o(.data)
    OSRdyTbl                                 0x20000042   Data           8  os_core.o(.data)
    OSRunning                                0x2000004a   Data           1  os_core.o(.data)
    OSTaskCtr                                0x2000004b   Data           1  os_core.o(.data)
    OSIdleCtr                                0x2000004c   Data           4  os_core.o(.data)
    OSTCBCur                                 0x20000050   Data           4  os_core.o(.data)
    OSTCBFreeList                            0x20000054   Data           4  os_core.o(.data)
    OSTCBHighRdy                             0x20000058   Data           4  os_core.o(.data)
    OSTCBList                                0x2000005c   Data           4  os_core.o(.data)
    OSTickStepState                          0x20000060   Data           1  os_core.o(.data)
    OSMemFreeList                            0x20000064   Data           4  os_core.o(.data)
    OSQFreeList                              0x20000068   Data           4  os_core.o(.data)
    OSTime                                   0x2000006c   Data           4  os_core.o(.data)
    tick_ms                                  0x20000070   Data           4  os_cpu_c.o(.data)
    OSEventTbl                               0x20000074   Data         300  os_core.o(.bss)
    OSFlagTbl                                0x200001a0   Data          80  os_core.o(.bss)
    OSTaskStatStk                            0x200001f0   Data         512  os_core.o(.bss)
    OSTaskIdleStk                            0x200003f0   Data         512  os_core.o(.bss)
    OSTCBPrioTbl                             0x200005f0   Data         256  os_core.o(.bss)
    OSTCBTbl                                 0x200006f0   Data        5208  os_core.o(.bss)
    OSMemTbl                                 0x20001b48   Data         120  os_core.o(.bss)
    OSQTbl                                   0x20001bc0   Data          96  os_core.o(.bss)
    __initial_sp                             0x20002020   Data           0  startup_stm32f4xx.o(STACK)



==============================================================================

Memory Map of the image

  Image Entry point : 0x08000189

  Load Region LR_IROM1 (Base: 0x08000000, Size: 0x0000425c, Max: 0x00100000, ABSOLUTE)

    Execution Region ER_IROM1 (Base: 0x08000000, Size: 0x000041e8, Max: 0x00100000, ABSOLUTE)

    Base Addr    Size         Type   Attr      Idx    E Section Name        Object

    0x08000000   0x00000188   Data   RO          623    RESET               startup_stm32f4xx.o
    0x08000188   0x00000000   Code   RO          800  * .ARM.Collect$$$$00000000  mc_w.l(entry.o)
    0x08000188   0x00000004   Code   RO          803    .ARM.Collect$$$$00000001  mc_w.l(entry2.o)
    0x0800018c   0x00000004   Code   RO          806    .ARM.Collect$$$$00000004  mc_w.l(entry5.o)
    0x08000190   0x00000000   Code   RO          808    .ARM.Collect$$$$00000008  mc_w.l(entry7b.o)
    0x08000190   0x00000000   Code   RO          810    .ARM.Collect$$$$0000000A  mc_w.l(entry8b.o)
    0x08000190   0x00000008   Code   RO          811    .ARM.Collect$$$$0000000B  mc_w.l(entry9a.o)
    0x08000198   0x00000000   Code   RO          813    .ARM.Collect$$$$0000000D  mc_w.l(entry10a.o)
    0x08000198   0x00000000   Code   RO          815    .ARM.Collect$$$$0000000F  mc_w.l(entry11a.o)
    0x08000198   0x00000004   Code   RO          804    .ARM.Collect$$$$00002712  mc_w.l(entry2.o)
    0x0800019c   0x00000044   Code   RO           24    .text               delay.o
    0x080001e0   0x00000098   Code   RO           93    .text               led8.o
    0x08000278   0x00000068   Code   RO          153    .text               main.o
    0x080002e0   0x00000024   Code   RO          227    .text               stm32f4xx_it.o
    0x08000304   0x00000098   Code   RO          254    .text               tim3.o
    0x0800039c   0x000000e0   Code   RO          381    .text               misc.o
    0x0800047c   0x0000025c   Code   RO          483    .text               stm32f4xx_gpio.o
    0x080006d8   0x00000588   Code   RO          507    .text               stm32f4xx_rcc.o
    0x08000c60   0x00000ca2   Code   RO          533    .text               stm32f4xx_tim.o
    0x08001902   0x00000002   PAD
    0x08001904   0x00000210   Code   RO          584    .text               system_stm32f4xx.o
    0x08001b14   0x00000024   Code   RO          624    .text               startup_stm32f4xx.o
    0x08001b38   0x000008c0   Code   RO          628    .text               os_core.o
    0x080023f8   0x0000080c   Code   RO          648    .text               os_flag.o
    0x08002c04   0x000001e4   Code   RO          672    .text               os_mem.o
    0x08002de8   0x000005e8   Code   RO          696    .text               os_q.o
    0x080033d0   0x000007c0   Code   RO          720    .text               os_task.o
    0x08003b90   0x000001ac   Code   RO          732    .text               os_time.o
    0x08003d3c   0x000000b0   Code   RO          750    .text               os_cpu_a.o
    0x08003dec   0x00000288   Code   RO          756    .text               os_cpu_c.o
    0x08004074   0x00000024   Code   RO          817    .text               mc_w.l(init.o)
    0x08004098   0x0000000e   Code   RO          821    i.__scatterload_copy  mc_w.l(handlers.o)
    0x080040a6   0x00000002   Code   RO          822    i.__scatterload_null  mc_w.l(handlers.o)
    0x080040a8   0x0000000e   Code   RO          823    i.__scatterload_zeroinit  mc_w.l(handlers.o)
    0x080040b6   0x00000012   Data   RO           94    .constdata          led8.o
    0x080040c8   0x00000100   Data   RO          630    .constdata          os_core.o
    0x080041c8   0x00000020   Data   RO          819    Region$$Table       anon$$obj.o


    Execution Region RW_IRAM1 (Base: 0x20000000, Size: 0x00002020, Max: 0x00020000, ABSOLUTE)

    Base Addr    Size         Type   Attr      Idx    E Section Name        Object

    0x20000000   0x00000010   Data   RW          508    .data               stm32f4xx_rcc.o
    0x20000010   0x00000014   Data   RW          585    .data               system_stm32f4xx.o
    0x20000024   0x0000004c   Data   RW          631    .data               os_core.o
    0x20000070   0x00000004   Data   RW          757    .data               os_cpu_c.o
    0x20000074   0x00001bac   Zero   RW          629    .bss                os_core.o
    0x20001c20   0x00000400   Zero   RW          621    STACK               startup_stm32f4xx.o


==============================================================================

Image component sizes


      Code (inc. data)   RO Data    RW Data    ZI Data      Debug   Object Name

         0          0          0          0          0       1444   beep.o
        68          0          0          0          0     213194   delay.o
       152         10         18          0          0      20461   led8.o
       104          6          0          0          0      28886   main.o
       224         20          0          0          0       1925   misc.o
      2240        216        256         76       7084      15570   os_core.o
       176         32          0          0          0        292   os_cpu_a.o
       648         16          0          4          0      38489   os_cpu_c.o
      2060         42          0          0          0       7168   os_flag.o
       484         16          0          0          0       3248   os_mem.o
      1512         30          0          0          0       5733   os_q.o
      1984         70          0          0          0       7849   os_task.o
       428         28          0          0          0       1854   os_time.o
        36          8        392          0       1024        824   startup_stm32f4xx.o
       604         36          0          0          0       4229   stm32f4xx_gpio.o
        36          0          0          0          0       1147   stm32f4xx_it.o
      1416         48          0         16          0      11155   stm32f4xx_rcc.o
      3234         60          0          0          0      23120   stm32f4xx_tim.o
       528         46          0         20          0       1811   system_stm32f4xx.o
       152          8          0          0          0        800   tim3.o

    ----------------------------------------------------------------------
     16088        692        698        116       8108     389199   Object Totals
         0          0         32          0          0          0   (incl. Generated)
         2          0          0          0          0          0   (incl. Padding)

    ----------------------------------------------------------------------

      Code (inc. data)   RO Data    RW Data    ZI Data      Debug   Library Member Name

         0          0          0          0          0          0   entry.o
         0          0          0          0          0          0   entry10a.o
         0          0          0          0          0          0   entry11a.o
         8          4          0          0          0          0   entry2.o
         4          0          0          0          0          0   entry5.o
         0          0          0          0          0          0   entry7b.o
         0          0          0          0          0          0   entry8b.o
         8          4          0          0          0          0   entry9a.o
        30          0          0          0          0          0   handlers.o
        36          8          0          0          0         68   init.o

    ----------------------------------------------------------------------
        86         16          0          0          0         68   Library Totals
         0          0          0          0          0          0   (incl. Padding)

    ----------------------------------------------------------------------

      Code (inc. data)   RO Data    RW Data    ZI Data      Debug   Library Name

        86         16          0          0          0         68   mc_w.l

    ----------------------------------------------------------------------
        86         16          0          0          0         68   Library Totals

    ----------------------------------------------------------------------

==============================================================================


      Code (inc. data)   RO Data    RW Data    ZI Data      Debug   

     16174        708        698        116       8108     386071   Grand Totals
     16174        708        698        116       8108     386071   ELF Image Totals
     16174        708        698        116          0          0   ROM Totals

==============================================================================

    Total RO  Size (Code + RO Data)                16872 (  16.48kB)
    Total RW  Size (RW Data + ZI Data)              8224 (   8.03kB)
    Total ROM Size (Code + RO Data + RW Data)      16988 (  16.59kB)

==============================================================================

