<html>
<body>
<pre>
<h1>µVision Build Log</h1>
<h2>Tool Versions:</h2>
IDE-Version: ¦ÌVision V5.18.0.0
Copyright (C) 2016 ARM Ltd and ARM Germany GmbH. All rights reserved.
License Information: Ëû Y, µÄ, LIC=----
 
Tool Versions:
Toolchain:       MDK-Lite  Version: 5.18
Toolchain Path:  D:\keilMDK\ARM\ARMCC\Bin
C Compiler:      Armcc.exe V5.06 update 1 (build 61)
Assembler:       Armasm.exe V5.06 update 1 (build 61)
Linker/Locator:  ArmLink.exe V5.06 update 1 (build 61)
Library Manager: ArmAr.exe V5.06 update 1 (build 61)
Hex Converter:   FromElf.exe V5.06 update 1 (build 61)
CPU DLL:         SARMCM3.DLL V5.18
Dialog DLL:      DCM.DLL V1.13.6.0
Target DLL:      Segger\JL2CM3.dll V2.99.18.0
Dialog DLL:      TCM.DLL V1.14.8.0
 
<h2>Project:</h2>
C:\Users\Y\Desktop\proj_8.11\project.uvprojx
Project File Date:  08/11/2022

<h2>Output:</h2>
*** Using Compiler 'V5.06 update 1 (build 61)', folder: 'D:\keilMDK\ARM\ARMCC\Bin'
Rebuild target 'Target 1'
compiling can1.c...
compiling can2.c...
compiling beep.c...
compiling param.c...
compiling delay.c...
compiling led8.c...
compiling led.c...
compiling main.c...
USER\SRC\main.c(29): warning:  #111-D: statement is unreachable
  	return 0;
USER\SRC\main.c(34): warning:  #177-D: function "TaskStart" was declared but never referenced
  static void TaskStart(void *pdata)
USER\SRC\main.c: 2 warnings, 0 errors
compiling usart1.c...
compiling stm32f4xx_it.c...
compiling usart2.c...
compiling tim3.c...
USER\SRC\tim3.c(35): warning:  #1-D: last line of file ends without a newline
  }
USER\SRC\tim3.c: 1 warning, 0 errors
compiling misc.c...
compiling visual_scope.c...
compiling dma.c...
compiling stm32f4xx_exti.c...
compiling sys.c...
compiling stm32f4xx_dma.c...
compiling stm32f4xx_can.c...
assembling startup_stm32f4xx.s...
compiling os_core.c...
compiling stm32f4xx_rcc.c...
compiling stm32f4xx_gpio.c...
compiling system_stm32f4xx.c...
compiling stm32f4xx_tim.c...
compiling os_flag.c...
compiling os_mbox.c...
compiling stm32f4xx_usart.c...
compiling os_mem.c...
compiling os_mutex.c...
compiling os_time.c...
compiling os_task.c...
compiling os_sem.c...
compiling os_q.c...
compiling os_tmr.c...
assembling os_cpu_a.asm...
compiling os_dbg.c...
compiling os_cpu_c.c...
linking...
Program Size: Code=16178 RO-data=698 RW-data=116 ZI-data=8108  
FromELF: creating hex file...
".\Obj\project.axf" - 0 Error(s), 3 Warning(s).

<h2>Software Packages used:</h2>

Package Vendor: ARM
                http://www.keil.com/pack/ARM.CMSIS.4.5.0.pack
                ARM::CMSIS:CORE:4.3.0
                CMSIS (Cortex Microcontroller Software Interface Standard)
   * Component: CORE Version: 4.3.0

Package Vendor: Keil
                http://www.keil.com/pack/Keil.STM32F4xx_DFP.1.0.5.pack
                Keil::Device:Startup:1.0.0
                STMicroelectronics STM32F4 Series Device Support, Drivers and Examples
   * Component: Startup Version: 1.0.0

<h2>Collection of Component include folders:</h2>
  C:\Users\Y\Desktop\proj_8.11\RTE
  D:\keilMDK\ARM\PACK\ARM\CMSIS\4.5.0\CMSIS\Include
  D:\keilMDK\ARM\PACK\Keil\STM32F4xx_DFP\1.0.5\Device\Include

<h2>Collection of Component Files used:</h2>

   * Component: ARM::CMSIS:CORE:4.3.0

   * Component: Keil::Device:Startup:1.0.0
      Include file:  Device\Include\stm32f4xx.h
      Include file:  RTE_Driver\Config\RTE_Device.h
      Source file:   Device\Source\system_stm32f4xx.c
      Source file:   Device\Source\ARM\startup_stm32f40xx.s
Build Time Elapsed:  00:00:05
</pre>
</body>
</html>
